
> paylink-ui@0.0.1 build
> vite build

[36mvite v5.4.21 [32mbuilding for production...[36m[39m
transforming...
[32mΓ£ô[39m 1755 modules transformed.
rendering chunks...
computing gzip size...
[2mdist/[22m[32mindex.html                 [39m[1m[2m  0.40 kB[22m[1m[22m[2m Γöé gzip:  0.28 kB[22m
[2mdist/[22m[35massets/index-D7Mt3KKb.css  [39m[1m[2m 30.68 kB[22m[1m[22m[2m Γöé gzip:  5.81 kB[22m
[2mdist/[22m[36massets/index-D5yHTLkL.js   [39m[1m[2m213.40 kB[22m[1m[22m[2m Γöé gzip: 64.74 kB[22m
[32mΓ£ô built in 32.81s[39m
